"usrn","changeType","state","state_date","description","locality","town_name","administrative_area"
5804215,"I",2,1990-01-01,"EAST BEACH JETTY",,"FLAT HOLM","CARDIFF"
